Flow report for Toplevel_C5G_led_switch_7segx2_gpio_uart
Thu Jan 25 14:38:50 2018
Quartus Prime Version 17.0.0 Build 595 04/25/2017 SJ Lite Edition


---------------------
; Table of Contents ;
---------------------
  1. Legal Notice
  2. Flow Summary
  3. Flow Settings
  4. Flow Non-Default Global Settings
  5. Flow Elapsed Time
  6. Flow OS Summary
  7. Flow Log
  8. Flow Messages
  9. Flow Suppressed Messages



----------------
; Legal Notice ;
----------------
Copyright (C) 2017  Intel Corporation. All rights reserved.
Your use of Intel Corporation's design tools, logic functions 
and other software and tools, and its AMPP partner logic 
functions, and any output files from any of the foregoing 
(including device programming or simulation files), and any 
associated documentation or information are expressly subject 
to the terms and conditions of the Intel Program License 
Subscription Agreement, the Intel Quartus Prime License Agreement,
the Intel MegaCore Function License Agreement, or other 
applicable license agreement, including, without limitation, 
that your use is for the sole purpose of programming logic 
devices manufactured by Intel and sold by Intel or its 
authorized distributors.  Please refer to the applicable 
agreement for further details.



+-------------------------------------------------------------------------------+
; Flow Summary                                                                  ;
+---------------------------------+---------------------------------------------+
; Flow Status                     ; Successful - Thu Jan 25 14:38:40 2018       ;
; Quartus Prime Version           ; 17.0.0 Build 595 04/25/2017 SJ Lite Edition ;
; Revision Name                   ; Toplevel_C5G_led_switch_7segx2_gpio_uart    ;
; Top-level Entity Name           ; toplevel_c5g_led_switch_7segx2_gpio_uart    ;
; Family                          ; Cyclone V                                   ;
; Device                          ; 5CGXFC5C6F27C7                              ;
; Timing Models                   ; Final                                       ;
; Logic utilization (in ALMs)     ; 158 / 29,080 ( < 1 % )                      ;
; Total registers                 ; 222                                         ;
; Total pins                      ; 91 / 364 ( 25 % )                           ;
; Total virtual pins              ; 0                                           ;
; Total block memory bits         ; 16,384 / 4,567,040 ( < 1 % )                ;
; Total DSP Blocks                ; 0 / 150 ( 0 % )                             ;
; Total HSSI RX PCSs              ; 0 / 6 ( 0 % )                               ;
; Total HSSI PMA RX Deserializers ; 0 / 6 ( 0 % )                               ;
; Total HSSI TX PCSs              ; 0 / 6 ( 0 % )                               ;
; Total HSSI PMA TX Serializers   ; 0 / 6 ( 0 % )                               ;
; Total PLLs                      ; 0 / 12 ( 0 % )                              ;
; Total DLLs                      ; 0 / 4 ( 0 % )                               ;
+---------------------------------+---------------------------------------------+


+--------------------------------------------------------------+
; Flow Settings                                                ;
+-------------------+------------------------------------------+
; Option            ; Setting                                  ;
+-------------------+------------------------------------------+
; Start date & time ; 01/25/2018 14:37:27                      ;
; Main task         ; Compilation                              ;
; Revision Name     ; Toplevel_C5G_led_switch_7segx2_gpio_uart ;
+-------------------+------------------------------------------+


+------------------------------------------------------------------------------------------------------------------------------------------------------+
; Flow Non-Default Global Settings                                                                                                                     ;
+-------------------------------------+----------------------------------------+---------------+------------------------------------------+------------+
; Assignment Name                     ; Value                                  ; Default Value ; Entity Name                              ; Section Id ;
+-------------------------------------+----------------------------------------+---------------+------------------------------------------+------------+
; COMPILER_SIGNATURE_ID               ; 176156460635548.151688744710668        ; --            ; --                                       ; --         ;
; MAX_CORE_JUNCTION_TEMP              ; 85                                     ; --            ; --                                       ; --         ;
; MIN_CORE_JUNCTION_TEMP              ; 0                                      ; --            ; --                                       ; --         ;
; MISC_FILE                           ; ip/mult_16bit_bb.v                     ; --            ; --                                       ; --         ;
; MISC_FILE                           ; ip/rom_addr16bit_bb.v                  ; --            ; --                                       ; --         ;
; PARTITION_COLOR                     ; -- (Not supported for targeted family) ; --            ; toplevel_c5g_led_switch_7segx2_gpio_uart ; Top        ;
; PARTITION_FITTER_PRESERVATION_LEVEL ; -- (Not supported for targeted family) ; --            ; toplevel_c5g_led_switch_7segx2_gpio_uart ; Top        ;
; PARTITION_NETLIST_TYPE              ; -- (Not supported for targeted family) ; --            ; toplevel_c5g_led_switch_7segx2_gpio_uart ; Top        ;
; POWER_BOARD_THERMAL_MODEL           ; None (CONSERVATIVE)                    ; --            ; --                                       ; --         ;
; POWER_PRESET_COOLING_SOLUTION       ; 23 MM HEAT SINK WITH 200 LFPM AIRFLOW  ; --            ; --                                       ; --         ;
+-------------------------------------+----------------------------------------+---------------+------------------------------------------+------------+


+-------------------------------------------------------------------------------------------------------------------------------+
; Flow Elapsed Time                                                                                                             ;
+---------------------------+--------------+-------------------------+---------------------+------------------------------------+
; Module Name               ; Elapsed Time ; Average Processors Used ; Peak Virtual Memory ; Total CPU Time (on all processors) ;
+---------------------------+--------------+-------------------------+---------------------+------------------------------------+
; Analysis & Synthesis      ; 00:00:28     ; 1.0                     ; 768 MB              ; 00:00:57                           ;
; Fitter                    ; 00:00:35     ; 1.1                     ; 2384 MB             ; 00:01:06                           ;
; Assembler                 ; 00:00:06     ; 1.0                     ; 717 MB              ; 00:00:06                           ;
; TimeQuest Timing Analyzer ; 00:00:09     ; 1.1                     ; 1096 MB             ; 00:00:10                           ;
; Total                     ; 00:01:18     ; --                      ; --                  ; 00:02:19                           ;
+---------------------------+--------------+-------------------------+---------------------+------------------------------------+


+-----------------------------------------------------------------------------------------+
; Flow OS Summary                                                                         ;
+---------------------------+------------------+------------+------------+----------------+
; Module Name               ; Machine Hostname ; OS Name    ; OS Version ; Processor type ;
+---------------------------+------------------+------------+------------+----------------+
; Analysis & Synthesis      ; U130-05          ; Windows 10 ; 10.0       ; x86_64         ;
; Fitter                    ; U130-05          ; Windows 10 ; 10.0       ; x86_64         ;
; Assembler                 ; U130-05          ; Windows 10 ; 10.0       ; x86_64         ;
; TimeQuest Timing Analyzer ; U130-05          ; Windows 10 ; 10.0       ; x86_64         ;
+---------------------------+------------------+------------+------------+----------------+


------------
; Flow Log ;
------------
quartus_map --read_settings_files=on --write_settings_files=off Toplevel_C5G_led_switch_7segx2_gpio_uart -c Toplevel_C5G_led_switch_7segx2_gpio_uart
quartus_fit --read_settings_files=off --write_settings_files=off Toplevel_C5G_led_switch_7segx2_gpio_uart -c Toplevel_C5G_led_switch_7segx2_gpio_uart
quartus_asm --read_settings_files=off --write_settings_files=off Toplevel_C5G_led_switch_7segx2_gpio_uart -c Toplevel_C5G_led_switch_7segx2_gpio_uart
quartus_sta Toplevel_C5G_led_switch_7segx2_gpio_uart -c Toplevel_C5G_led_switch_7segx2_gpio_uart



